This is pdfTeX, Version 3.141592653-2.6-1.40.28 (MiKTeX 25.12) (preloaded format=pdflatex 2026.8.1)  3 AUG 2026 07:54
entering extended mode
 restricted \write18 enabled.
 file:line:error style messages enabled.
 %&-line parsing enabled.
**e:/project/laravel/CMS-Sekolah/Docs/latex/main.tex
(e:/project/laravel/CMS-Sekolah/Docs/latex/main.tex
LaTeX2e <2025-11-01>
L3 programming layer <2025-12-24>
(C:\Users\ahmad\AppData\Local\Programs\MiKTeX\tex/latex/base\report.cls
Document Class: report 2025/01/22 v1.4n Standard LaTeX document class
(C:\Users\ahmad\AppData\Local\Programs\MiKTeX\tex/latex/base\size11.clo
File: size11.clo 2025/01/22 v1.4n Standard LaTeX file (size option)
)
\c@part=\count275
\c@chapter=\count276
\c@section=\count277
\c@subsection=\count278
\c@subsubsection=\count279
\c@paragraph=\count280
\c@subparagraph=\count281
\c@figure=\count282
\c@table=\count283
\abovecaptionskip=\skip49
\belowcaptionskip=\skip50
\bibindent=\dimen148
) (C:\Users\ahmad\AppData\Local\Programs\MiKTeX\tex/latex/base\inputenc.sty
Package: inputenc 2024/02/08 v1.3d Input encoding file
\inpenc@prehook=\toks17
\inpenc@posthook=\toks18
) (C:\Users\ahmad\AppData\Local\Programs\MiKTeX\tex/latex/base\fontenc.sty
Package: fontenc 2025/07/18 v2.1d Standard LaTeX package
) (C:\Users\ahmad\AppData\Local\Programs\MiKTeX\tex/generic/babel\babel.sty
Package: babel 2025/12/11 v25.17 The multilingual framework for LuaLaTeX, pdfLaTeX and XeLaTeX
\babel@savecnt=\count284
LaTeX Encoding Info:    Redeclaring text command \ij (encoding OT1) on input line 2068.
LaTeX Encoding Info:    Redeclaring text command \IJ (encoding OT1) on input line 2070.
LaTeX Encoding Info:    Redeclaring text command \ij (encoding T1) on input line 2072.
LaTeX Encoding Info:    Redeclaring text command \IJ (encoding T1) on input line 2073.
LaTeX Encoding Info:    Ignoring declaration for text command \ij (encoding ?) on input line 2074.
LaTeX Encoding Info:    Ignoring declaration for text command \IJ (encoding ?) on input line 2076.
LaTeX Encoding Info:    Ignoring declaration for text command \SS (encoding ?) on input line 2101.
\U@D=\dimen149
\l@unhyphenated=\language79
 (C:\Users\ahmad\AppData\Local\Programs\MiKTeX\tex/generic/babel\txtbabel.def)
\bbl@readstream=\read2
\bbl@dirlevel=\count285
Package babel Info: Configuration files are deprecated, as
(babel)             they can break document portability.
(babel)             Reported on input line 4196.

*************************************
* Local config file bblopts.cfg used
*
(C:\Users\ahmad\AppData\Local\Programs\MiKTeX\tex/latex/arabi\bblopts.cfg
File: bblopts.cfg 2005/09/08 v0.1 add Arabic and Farsi to "declared" options of babel
) (C:\Users\ahmad\AppData\Local\Programs\MiKTeX\tex/generic/babel/locale/invalid\babel-bahasa.tex)

Package babel Warning: Name 'bahasa' is deprecated.
(babel)                Use 'indonesian' instead.
(babel)                Reported on input line 4320.

Package babel Info: Importing font and identification data for bahasa
(babel)             from babel-id.ini. Reported on input line 4320.
(C:\Users\ahmad\AppData\Local\Programs\MiKTeX\tex/latex/babel-indonesian\indonesian.ldf
Language: indonesian 2025/06/01 v1.0n Bahasa Indonesia support from the babel system
)) (C:\Users\ahmad\AppData\Local\Programs\MiKTeX\tex/latex/lm\lmodern.sty
Package: lmodern 2015/05/01 v1.6.1 Latin Modern Fonts
LaTeX Font Info:    Overwriting symbol font `operators' in version `normal'
(Font)                  OT1/cmr/m/n --> OT1/lmr/m/n on input line 22.
LaTeX Font Info:    Overwriting symbol font `letters' in version `normal'
(Font)                  OML/cmm/m/it --> OML/lmm/m/it on input line 23.
LaTeX Font Info:    Overwriting symbol font `symbols' in version `normal'
(Font)                  OMS/cmsy/m/n --> OMS/lmsy/m/n on input line 24.
LaTeX Font Info:    Overwriting symbol font `largesymbols' in version `normal'
(Font)                  OMX/cmex/m/n --> OMX/lmex/m/n on input line 25.
LaTeX Font Info:    Overwriting symbol font `operators' in version `bold'
(Font)                  OT1/cmr/bx/n --> OT1/lmr/bx/n on input line 26.
LaTeX Font Info:    Overwriting symbol font `letters' in version `bold'
(Font)                  OML/cmm/b/it --> OML/lmm/b/it on input line 27.
LaTeX Font Info:    Overwriting symbol font `symbols' in version `bold'
(Font)                  OMS/cmsy/b/n --> OMS/lmsy/b/n on input line 28.
LaTeX Font Info:    Overwriting symbol font `largesymbols' in version `bold'
(Font)                  OMX/cmex/m/n --> OMX/lmex/m/n on input line 29.
LaTeX Font Info:    Overwriting math alphabet `\mathbf' in version `normal'
(Font)                  OT1/cmr/bx/n --> OT1/lmr/bx/n on input line 31.
LaTeX Font Info:    Overwriting math alphabet `\mathsf' in version `normal'
(Font)                  OT1/cmss/m/n --> OT1/lmss/m/n on input line 32.
LaTeX Font Info:    Overwriting math alphabet `\mathit' in version `normal'
(Font)                  OT1/cmr/m/it --> OT1/lmr/m/it on input line 33.
LaTeX Font Info:    Overwriting math alphabet `\mathtt' in version `normal'
(Font)                  OT1/cmtt/m/n --> OT1/lmtt/m/n on input line 34.
LaTeX Font Info:    Overwriting math alphabet `\mathbf' in version `bold'
(Font)                  OT1/cmr/bx/n --> OT1/lmr/bx/n on input line 35.
LaTeX Font Info:    Overwriting math alphabet `\mathsf' in version `bold'
(Font)                  OT1/cmss/bx/n --> OT1/lmss/bx/n on input line 36.
LaTeX Font Info:    Overwriting math alphabet `\mathit' in version `bold'
(Font)                  OT1/cmr/bx/it --> OT1/lmr/bx/it on input line 37.
LaTeX Font Info:    Overwriting math alphabet `\mathtt' in version `bold'
(Font)                  OT1/cmtt/m/n --> OT1/lmtt/m/n on input line 38.
) (C:\Users\ahmad\AppData\Local\Programs\MiKTeX\tex/latex/geometry\geometry.sty
Package: geometry 2026/03/07 v6.0 Page Geometry
 (C:\Users\ahmad\AppData\Local\Programs\MiKTeX\tex/latex/graphics\keyval.sty
Package: keyval 2022/05/29 v1.15 key=value parser (DPC)
\KV@toks@=\toks19
) (C:\Users\ahmad\AppData\Local\Programs\MiKTeX\tex/generic/iftex\ifvtex.sty
Package: ifvtex 2019/10/25 v1.7 ifvtex legacy package. Use iftex instead.
 (C:\Users\ahmad\AppData\Local\Programs\MiKTeX\tex/generic/iftex\iftex.sty
Package: iftex 2024/12/12 v1.0g TeX engine tests
))
\Gm@cnth=\count286
\Gm@cntv=\count287
\c@Gm@tempcnt=\count288
\Gm@bindingoffset=\dimen150
\Gm@wd@mp=\dimen151
\Gm@odd@mp=\dimen152
\Gm@even@mp=\dimen153
\Gm@layoutwidth=\dimen154
\Gm@layoutheight=\dimen155
\Gm@layouthoffset=\dimen156
\Gm@layoutvoffset=\dimen157
\Gm@dimlist=\toks20
 (C:\Users\ahmad\AppData\Local\Programs\MiKTeX\tex/latex/geometry\geometry.cfg)) (C:\Users\ahmad\AppData\Local\Programs\MiKTeX\tex/latex/graphics\graphicx.sty
Package: graphicx 2024/12/31 v1.2e Enhanced LaTeX Graphics (DPC,SPQR)
 (C:\Users\ahmad\AppData\Local\Programs\MiKTeX\tex/latex/graphics\graphics.sty
Package: graphics 2024/08/06 v1.4g Standard LaTeX Graphics (DPC,SPQR)
 (C:\Users\ahmad\AppData\Local\Programs\MiKTeX\tex/latex/graphics\trig.sty
Package: trig 2023/12/02 v1.11 sin cos tan (DPC)
) (C:\Users\ahmad\AppData\Local\Programs\MiKTeX\tex/latex/graphics-cfg\graphics.cfg
File: graphics.cfg 2016/06/04 v1.11 sample graphics configuration
)
Package graphics Info: Driver file: pdftex.def on input line 106.
 (C:\Users\ahmad\AppData\Local\Programs\MiKTeX\tex/latex/graphics-def\pdftex.def
File: pdftex.def 2025/09/29 v1.2d Graphics/color driver for pdftex
))
\Gin@req@height=\dimen158
\Gin@req@width=\dimen159
) (C:\Users\ahmad\AppData\Local\Programs\MiKTeX\tex/latex/float\float.sty
Package: float 2001/11/08 v1.3d Float enhancements (AL)
\c@float@type=\count289
\float@exts=\toks21
\float@box=\box53
\@float@everytoks=\toks22
\@floatcapt=\box54
) (C:\Users\ahmad\AppData\Local\Programs\MiKTeX\tex/latex/xcolor\xcolor.sty
Package: xcolor 2024/09/29 v3.02 LaTeX color extensions (UK)
 (C:\Users\ahmad\AppData\Local\Programs\MiKTeX\tex/latex/graphics-cfg\color.cfg
File: color.cfg 2016/01/02 v1.6 sample color configuration
)
Package xcolor Info: Driver file: pdftex.def on input line 274.
 (C:\Users\ahmad\AppData\Local\Programs\MiKTeX\tex/latex/graphics\mathcolor.ltx)
Package xcolor Info: Model `cmy' substituted by `cmy0' on input line 1349.
Package xcolor Info: Model `hsb' substituted by `rgb' on input line 1353.
Package xcolor Info: Model `RGB' extended on input line 1365.
Package xcolor Info: Model `HTML' substituted by `rgb' on input line 1367.
Package xcolor Info: Model `Hsb' substituted by `hsb' on input line 1368.
Package xcolor Info: Model `tHsb' substituted by `hsb' on input line 1369.
Package xcolor Info: Model `HSB' substituted by `hsb' on input line 1370.
Package xcolor Info: Model `Gray' substituted by `gray' on input line 1371.
Package xcolor Info: Model `wave' substituted by `hsb' on input line 1372.
) (C:\Users\ahmad\AppData\Local\Programs\MiKTeX\tex/latex/graphics\dvipsnam.def
File: dvipsnam.def 2016/06/17 v3.0m Driver-dependent file (DPC,SPQR)
) (C:\Users\ahmad\AppData\Local\Programs\MiKTeX\tex/latex/colortbl\colortbl.sty
Package: colortbl 2026/05/01 v1.0l Color table columns (DPC)
 (C:\Users\ahmad\AppData\Local\Programs\MiKTeX\tex/latex/tools\array.sty
Package: array 2025/09/25 v2.6n Tabular extension package (FMi)
\col@sep=\dimen160
\ar@mcellbox=\box55
\extrarowheight=\dimen161
\NC@list=\toks23
\extratabsurround=\skip51
\backup@length=\skip52
\ar@cellbox=\box56
)
\everycr=\toks24
\minrowclearance=\skip53
\rownum=\count290
) (C:\Users\ahmad\AppData\Local\Programs\MiKTeX\tex/latex/booktabs\booktabs.sty
Package: booktabs 2020/01/12 v1.61803398 Publication quality tables
\heavyrulewidth=\dimen162
\lightrulewidth=\dimen163
\cmidrulewidth=\dimen164
\belowrulesep=\dimen165
\belowbottomsep=\dimen166
\aboverulesep=\dimen167
\abovetopsep=\dimen168
\cmidrulesep=\dimen169
\cmidrulekern=\dimen170
\defaultaddspace=\dimen171
\@cmidla=\count291
\@cmidlb=\count292
\@aboverulesep=\dimen172
\@belowrulesep=\dimen173
\@thisruleclass=\count293
\@lastruleclass=\count294
\@thisrulewidth=\dimen174
) (C:\Users\ahmad\AppData\Local\Programs\MiKTeX\tex/latex/tools\tabularx.sty
Package: tabularx 2023/12/11 v2.12a `tabularx' package (DPC)
\TX@col@width=\dimen175
\TX@old@table=\dimen176
\TX@old@col=\dimen177
\TX@target=\dimen178
\TX@delta=\dimen179
\TX@cols=\count295
\TX@ftn=\toks25
) (C:\Users\ahmad\AppData\Local\Programs\MiKTeX\tex/latex/tools\longtable.sty
Package: longtable 2025-10-13 v4.24 Multi-page Table package (DPC)
\LTleft=\skip54
\LTright=\skip55
\LTpre=\skip56
\LTpost=\skip57
\LTchunksize=\count296
\LTcapwidth=\dimen180
\LT@head=\box57
\LT@firsthead=\box58
\LT@foot=\box59
\LT@lastfoot=\box60
\LT@gbox=\box61
\LT@cols=\count297
\LT@rows=\count298
\c@LT@tables=\count299
\c@LT@chunks=\count300
\LT@p@ftn=\toks26
) (C:\Users\ahmad\AppData\Local\Programs\MiKTeX\tex/latex/hyperref\hyperref.sty
Package: hyperref 2025-07-12 v7.01o Hypertext links for LaTeX
 (C:\Users\ahmad\AppData\Local\Programs\MiKTeX\tex/latex/kvsetkeys\kvsetkeys.sty
Package: kvsetkeys 2022-10-05 v1.19 Key value parser (HO)
) (C:\Users\ahmad\AppData\Local\Programs\MiKTeX\tex/generic/kvdefinekeys\kvdefinekeys.sty
Package: kvdefinekeys 2019-12-19 v1.6 Define keys (HO)
) (C:\Users\ahmad\AppData\Local\Programs\MiKTeX\tex/generic/pdfescape\pdfescape.sty
Package: pdfescape 2019/12/09 v1.15 Implements pdfTeX's escape features (HO)
 (C:\Users\ahmad\AppData\Local\Programs\MiKTeX\tex/generic/ltxcmds\ltxcmds.sty
Package: ltxcmds 2023-12-04 v1.26 LaTeX kernel commands for general use (HO)
) (C:\Users\ahmad\AppData\Local\Programs\MiKTeX\tex/generic/pdftexcmds\pdftexcmds.sty
Package: pdftexcmds 2020-06-27 v0.33 Utility functions of pdfTeX for LuaTeX (HO)
 (C:\Users\ahmad\AppData\Local\Programs\MiKTeX\tex/generic/infwarerr\infwarerr.sty
Package: infwarerr 2019/12/03 v1.5 Providing info/warning/error messages (HO)
)
Package pdftexcmds Info: \pdf@primitive is available.
Package pdftexcmds Info: \pdf@ifprimitive is available.
Package pdftexcmds Info: \pdfdraftmode found.
)) (C:\Users\ahmad\AppData\Local\Programs\MiKTeX\tex/latex/hycolor\hycolor.sty
Package: hycolor 2020-01-27 v1.10 Color options for hyperref/bookmark (HO)
) (C:\Users\ahmad\AppData\Local\Programs\MiKTeX\tex/latex/hyperref\nameref.sty
Package: nameref 2025-06-21 v2.57 Cross-referencing by name of section
 (C:\Users\ahmad\AppData\Local\Programs\MiKTeX\tex/latex/refcount\refcount.sty
Package: refcount 2019/12/15 v3.6 Data extraction from label references (HO)
) (C:\Users\ahmad\AppData\Local\Programs\MiKTeX\tex/generic/gettitlestring\gettitlestring.sty
Package: gettitlestring 2019/12/15 v1.6 Cleanup title references (HO)
 (C:\Users\ahmad\AppData\Local\Programs\MiKTeX\tex/latex/kvoptions\kvoptions.sty
Package: kvoptions 2022-06-15 v3.15 Key value format for package options (HO)
))
\c@section@level=\count301
) (C:\Users\ahmad\AppData\Local\Programs\MiKTeX\tex/latex/etoolbox\etoolbox.sty
Package: etoolbox 2025/10/02 v2.5m e-TeX tools for LaTeX (JAW)
\etb@tempcnta=\count302
) (C:\Users\ahmad\AppData\Local\Programs\MiKTeX\tex/generic/stringenc\stringenc.sty
Package: stringenc 2019/11/29 v1.12 Convert strings between diff. encodings (HO)
)
\@linkdim=\dimen181
\Hy@linkcounter=\count303
\Hy@pagecounter=\count304
 (C:\Users\ahmad\AppData\Local\Programs\MiKTeX\tex/latex/hyperref\pd1enc.def
File: pd1enc.def 2025-07-12 v7.01o Hyperref: PDFDocEncoding definition (HO)
Now handling font encoding PD1 ...
... no UTF-8 mapping file for font encoding PD1
) (C:\Users\ahmad\AppData\Local\Programs\MiKTeX\tex/generic/intcalc\intcalc.sty
Package: intcalc 2019/12/15 v1.3 Expandable calculations with integers (HO)
)
\Hy@SavedSpaceFactor=\count305
 (C:\Users\ahmad\AppData\Local\Programs\MiKTeX\tex/latex/hyperref\puenc.def
File: puenc.def 2025-07-12 v7.01o Hyperref: PDF Unicode definition (HO)
Now handling font encoding PU ...
... no UTF-8 mapping file for font encoding PU
)
Package hyperref Info: Option `colorlinks' set `true' on input line 4066.
Package hyperref Info: Option `bookmarks' set `true' on input line 4066.
Package hyperref Info: Option `bookmarksnumbered' set `true' on input line 4066.
Package hyperref Info: Hyper figures OFF on input line 4195.
Package hyperref Info: Link nesting OFF on input line 4200.
Package hyperref Info: Hyper index ON on input line 4203.
Package hyperref Info: Plain pages OFF on input line 4210.
Package hyperref Info: Backreferencing OFF on input line 4215.
Package hyperref Info: Implicit mode ON; LaTeX internals redefined.
Package hyperref Info: Bookmarks ON on input line 4462.
\c@Hy@tempcnt=\count306
 (C:\Users\ahmad\AppData\Local\Programs\MiKTeX\tex/latex/url\url.sty
\Urlmuskip=\muskip17
Package: url 2013/09/16  ver 3.4  Verb mode for urls, etc.
)
LaTeX Info: Redefining \url on input line 4801.
\XeTeXLinkMargin=\dimen182
 (C:\Users\ahmad\AppData\Local\Programs\MiKTeX\tex/generic/bitset\bitset.sty
Package: bitset 2019/12/09 v1.3 Handle bit-vector datatype (HO)
 (C:\Users\ahmad\AppData\Local\Programs\MiKTeX\tex/generic/bigintcalc\bigintcalc.sty
Package: bigintcalc 2019/12/15 v1.5 Expandable calculations on big integers (HO)
))
\Fld@menulength=\count307
\Field@Width=\dimen183
\Fld@charsize=\dimen184
Package hyperref Info: Hyper figures OFF on input line 6078.
Package hyperref Info: Link nesting OFF on input line 6083.
Package hyperref Info: Hyper index ON on input line 6086.
Package hyperref Info: backreferencing OFF on input line 6093.
Package hyperref Info: Link coloring ON on input line 6096.
Package hyperref Info: Link coloring with OCG OFF on input line 6103.
Package hyperref Info: PDF/A mode OFF on input line 6108.
\Hy@abspage=\count308
\c@Item=\count309
\c@Hfootnote=\count310
)
Package hyperref Info: Driver (autodetected): hpdftex.
 (C:\Users\ahmad\AppData\Local\Programs\MiKTeX\tex/latex/hyperref\hpdftex.def
File: hpdftex.def 2025-07-12 v7.01o Hyperref driver for pdfTeX
\Fld@listcount=\count311
\c@bookmark@seq@number=\count312
 (C:\Users\ahmad\AppData\Local\Programs\MiKTeX\tex/latex/rerunfilecheck\rerunfilecheck.sty
Package: rerunfilecheck 2025-06-21 v1.11 Rerun checks for auxiliary files (HO)
 (C:\Users\ahmad\AppData\Local\Programs\MiKTeX\tex/generic/uniquecounter\uniquecounter.sty
Package: uniquecounter 2019/12/15 v1.4 Provide unlimited unique counter (HO)
)
Package uniquecounter Info: New unique counter `rerunfilecheck' on input line 284.
)
\Hy@SectionHShift=\skip58
) (C:\Users\ahmad\AppData\Local\Programs\MiKTeX\tex/latex/fancyhdr\fancyhdr.sty
Package: fancyhdr 2025/02/07 v5.2 Extensive control of page headers and footers
\f@nch@headwidth=\skip59
\f@nch@offset@elh=\skip60
\f@nch@offset@erh=\skip61
\f@nch@offset@olh=\skip62
\f@nch@offset@orh=\skip63
\f@nch@offset@elf=\skip64
\f@nch@offset@erf=\skip65
\f@nch@offset@olf=\skip66
\f@nch@offset@orf=\skip67
\f@nch@height=\skip68
\f@nch@footalignment=\skip69
\f@nch@widthL=\skip70
\f@nch@widthC=\skip71
\f@nch@widthR=\skip72
\@temptokenb=\toks27
) (C:\Users\ahmad\AppData\Local\Programs\MiKTeX\tex/latex/titlesec\titlesec.sty
Package: titlesec 2025/01/04 v2.17 Sectioning titles
\ttl@box=\box62
\beforetitleunit=\skip73
\aftertitleunit=\skip74
\ttl@plus=\dimen185
\ttl@minus=\dimen186
\ttl@toksa=\toks28
\titlewidth=\dimen187
\titlewidthlast=\dimen188
\titlewidthfirst=\dimen189
) (C:\Users\ahmad\AppData\Local\Programs\MiKTeX\tex/latex/enumitem\enumitem.sty
Package: enumitem 2025/02/06 v3.11 Customized lists
\labelindent=\skip75
\enit@outerparindent=\dimen190
\enit@toks=\toks29
\enit@inbox=\box63
\enit@count@id=\count313
\enitdp@description=\count314
) (C:\Users\ahmad\AppData\Local\Programs\MiKTeX\tex/latex/tcolorbox\tcolorbox.sty
Package: tcolorbox 2025/11/28 version 6.9.0 text color boxes
 (C:\Users\ahmad\AppData\Local\Programs\MiKTeX\tex/latex/pgf/frontendlayer\tikz.sty (C:\Users\ahmad\AppData\Local\Programs\MiKTeX\tex/latex/pgf/basiclayer\pgf.sty (C:\Users\ahmad\AppData\Local\Programs\MiKTeX\tex/latex/pgf/utilities\pgfrcs.sty (C:\Users\ahmad\AppData\Local\Programs\MiKTeX\tex/generic/pgf/utilities\pgfutil-common.tex
\pgfutil@everybye=\toks30
\pgfutil@tempdima=\dimen191
\pgfutil@tempdimb=\dimen192
) (C:\Users\ahmad\AppData\Local\Programs\MiKTeX\tex/generic/pgf/utilities\pgfutil-latex.def
\pgfutil@abb=\box64
) (C:\Users\ahmad\AppData\Local\Programs\MiKTeX\tex/generic/pgf/utilities\pgfrcs.code.tex (C:\Users\ahmad\AppData\Local\Programs\MiKTeX\tex/generic/pgf\pgf.revision.tex)
Package: pgfrcs 2025-08-29 v3.1.11a (3.1.11a)
))
Package: pgf 2025-08-29 v3.1.11a (3.1.11a)
 (C:\Users\ahmad\AppData\Local\Programs\MiKTeX\tex/latex/pgf/basiclayer\pgfcore.sty (C:\Users\ahmad\AppData\Local\Programs\MiKTeX\tex/latex/pgf/systemlayer\pgfsys.sty (C:\Users\ahmad\AppData\Local\Programs\MiKTeX\tex/generic/pgf/systemlayer\pgfsys.code.tex
Package: pgfsys 2025-08-29 v3.1.11a (3.1.11a)
 (C:\Users\ahmad\AppData\Local\Programs\MiKTeX\tex/generic/pgf/utilities\pgfkeys.code.tex
\pgfkeys@pathtoks=\toks31
\pgfkeys@temptoks=\toks32
 (C:\Users\ahmad\AppData\Local\Programs\MiKTeX\tex/generic/pgf/utilities\pgfkeyslibraryfiltered.code.tex
\pgfkeys@tmptoks=\toks33
))
\pgf@x=\dimen193
\pgf@y=\dimen194
\pgf@xa=\dimen195
\pgf@ya=\dimen196
\pgf@xb=\dimen197
\pgf@yb=\dimen198
\pgf@xc=\dimen199
\pgf@yc=\dimen256
\pgf@xd=\dimen257
\pgf@yd=\dimen258
\w@pgf@writea=\write3
\r@pgf@reada=\read3
\c@pgf@counta=\count315
\c@pgf@countb=\count316
\c@pgf@countc=\count317
\c@pgf@countd=\count318
\t@pgf@toka=\toks34
\t@pgf@tokb=\toks35
\t@pgf@tokc=\toks36
\pgf@sys@id@count=\count319
 (C:\Users\ahmad\AppData\Local\Programs\MiKTeX\tex/generic/pgf/systemlayer\pgf.cfg
File: pgf.cfg 2025-08-29 v3.1.11a (3.1.11a)
)
Driver file for pgf: pgfsys-pdftex.def
 (C:\Users\ahmad\AppData\Local\Programs\MiKTeX\tex/generic/pgf/systemlayer\pgfsys-pdftex.def
File: pgfsys-pdftex.def 2025-08-29 v3.1.11a (3.1.11a)
 (C:\Users\ahmad\AppData\Local\Programs\MiKTeX\tex/generic/pgf/systemlayer\pgfsys-common-pdf.def
File: pgfsys-common-pdf.def 2025-08-29 v3.1.11a (3.1.11a)
))) (C:\Users\ahmad\AppData\Local\Programs\MiKTeX\tex/generic/pgf/systemlayer\pgfsyssoftpath.code.tex
File: pgfsyssoftpath.code.tex 2025-08-29 v3.1.11a (3.1.11a)
\pgfsyssoftpath@smallbuffer@items=\count320
\pgfsyssoftpath@bigbuffer@items=\count321
) (C:\Users\ahmad\AppData\Local\Programs\MiKTeX\tex/generic/pgf/systemlayer\pgfsysprotocol.code.tex
File: pgfsysprotocol.code.tex 2025-08-29 v3.1.11a (3.1.11a)
)) (C:\Users\ahmad\AppData\Local\Programs\MiKTeX\tex/generic/pgf/basiclayer\pgfcore.code.tex
Package: pgfcore 2025-08-29 v3.1.11a (3.1.11a)
 (C:\Users\ahmad\AppData\Local\Programs\MiKTeX\tex/generic/pgf/math\pgfmath.code.tex (C:\Users\ahmad\AppData\Local\Programs\MiKTeX\tex/generic/pgf/math\pgfmathutil.code.tex) (C:\Users\ahmad\AppData\Local\Programs\MiKTeX\tex/generic/pgf/math\pgfmathparser.code.tex
\pgfmath@dimen=\dimen259
\pgfmath@count=\count322
\pgfmath@box=\box65
\pgfmath@toks=\toks37
\pgfmath@stack@operand=\toks38
\pgfmath@stack@operation=\toks39
) (C:\Users\ahmad\AppData\Local\Programs\MiKTeX\tex/generic/pgf/math\pgfmathfunctions.code.tex) (C:\Users\ahmad\AppData\Local\Programs\MiKTeX\tex/generic/pgf/math\pgfmathfunctions.basic.code.tex) (C:\Users\ahmad\AppData\Local\Programs\MiKTeX\tex/generic/pgf/math\pgfmathfunctions.trigonometric.code.tex) (C:\Users\ahmad\AppData\Local\Programs\MiKTeX\tex/generic/pgf/math\pgfmathfunctions.random.code.tex) (C:\Users\ahmad\AppData\Local\Programs\MiKTeX\tex/generic/pgf/math\pgfmathfunctions.comparison.code.tex) (C:\Users\ahmad\AppData\Local\Programs\MiKTeX\tex/generic/pgf/math\pgfmathfunctions.base.code.tex) (C:\Users\ahmad\AppData\Local\Programs\MiKTeX\tex/generic/pgf/math\pgfmathfunctions.round.code.tex) (C:\Users\ahmad\AppData\Local\Programs\MiKTeX\tex/generic/pgf/math\pgfmathfunctions.misc.code.tex) (C:\Users\ahmad\AppData\Local\Programs\MiKTeX\tex/generic/pgf/math\pgfmathfunctions.integerarithmetics.code.tex) (C:\Users\ahmad\AppData\Local\Programs\MiKTeX\tex/generic/pgf/math\pgfmathcalc.code.tex) (C:\Users\ahmad\AppData\Local\Programs\MiKTeX\tex/generic/pgf/math\pgfmathfloat.code.tex
\c@pgfmathroundto@lastzeros=\count323
)) (C:\Users\ahmad\AppData\Local\Programs\MiKTeX\tex/generic/pgf/math\pgfint.code.tex) (C:\Users\ahmad\AppData\Local\Programs\MiKTeX\tex/generic/pgf/basiclayer\pgfcorepoints.code.tex
File: pgfcorepoints.code.tex 2025-08-29 v3.1.11a (3.1.11a)
\pgf@picminx=\dimen260
\pgf@picmaxx=\dimen261
\pgf@picminy=\dimen262
\pgf@picmaxy=\dimen263
\pgf@pathminx=\dimen264
\pgf@pathmaxx=\dimen265
\pgf@pathminy=\dimen266
\pgf@pathmaxy=\dimen267
\pgf@xx=\dimen268
\pgf@xy=\dimen269
\pgf@yx=\dimen270
\pgf@yy=\dimen271
\pgf@zx=\dimen272
\pgf@zy=\dimen273
) (C:\Users\ahmad\AppData\Local\Programs\MiKTeX\tex/generic/pgf/basiclayer\pgfcorepathconstruct.code.tex
File: pgfcorepathconstruct.code.tex 2025-08-29 v3.1.11a (3.1.11a)
\pgf@path@lastx=\dimen274
\pgf@path@lasty=\dimen275
) (C:\Users\ahmad\AppData\Local\Programs\MiKTeX\tex/generic/pgf/basiclayer\pgfcorepathusage.code.tex
File: pgfcorepathusage.code.tex 2025-08-29 v3.1.11a (3.1.11a)
\pgf@shorten@end@additional=\dimen276
\pgf@shorten@start@additional=\dimen277
) (C:\Users\ahmad\AppData\Local\Programs\MiKTeX\tex/generic/pgf/basiclayer\pgfcorescopes.code.tex
File: pgfcorescopes.code.tex 2025-08-29 v3.1.11a (3.1.11a)
\pgfpic=\box66
\pgf@hbox=\box67
\pgf@layerbox@main=\box68
\pgf@picture@serial@count=\count324
) (C:\Users\ahmad\AppData\Local\Programs\MiKTeX\tex/generic/pgf/basiclayer\pgfcoregraphicstate.code.tex
File: pgfcoregraphicstate.code.tex 2025-08-29 v3.1.11a (3.1.11a)
\pgflinewidth=\dimen278
) (C:\Users\ahmad\AppData\Local\Programs\MiKTeX\tex/generic/pgf/basiclayer\pgfcoretransformations.code.tex
File: pgfcoretransformations.code.tex 2025-08-29 v3.1.11a (3.1.11a)
\pgf@pt@x=\dimen279
\pgf@pt@y=\dimen280
\pgf@pt@temp=\dimen281
) (C:\Users\ahmad\AppData\Local\Programs\MiKTeX\tex/generic/pgf/basiclayer\pgfcorequick.code.tex
File: pgfcorequick.code.tex 2025-08-29 v3.1.11a (3.1.11a)
) (C:\Users\ahmad\AppData\Local\Programs\MiKTeX\tex/generic/pgf/basiclayer\pgfcoreobjects.code.tex
File: pgfcoreobjects.code.tex 2025-08-29 v3.1.11a (3.1.11a)
) (C:\Users\ahmad\AppData\Local\Programs\MiKTeX\tex/generic/pgf/basiclayer\pgfcorepathprocessing.code.tex
File: pgfcorepathprocessing.code.tex 2025-08-29 v3.1.11a (3.1.11a)
) (C:\Users\ahmad\AppData\Local\Programs\MiKTeX\tex/generic/pgf/basiclayer\pgfcorearrows.code.tex
File: pgfcorearrows.code.tex 2025-08-29 v3.1.11a (3.1.11a)
\pgfarrowsep=\dimen282
) (C:\Users\ahmad\AppData\Local\Programs\MiKTeX\tex/generic/pgf/basiclayer\pgfcoreshade.code.tex
File: pgfcoreshade.code.tex 2025-08-29 v3.1.11a (3.1.11a)
\pgf@max=\dimen283
\pgf@sys@shading@range@num=\count325
\pgf@shadingcount=\count326
) (C:\Users\ahmad\AppData\Local\Programs\MiKTeX\tex/generic/pgf/basiclayer\pgfcoreimage.code.tex
File: pgfcoreimage.code.tex 2025-08-29 v3.1.11a (3.1.11a)
) (C:\Users\ahmad\AppData\Local\Programs\MiKTeX\tex/generic/pgf/basiclayer\pgfcoreexternal.code.tex
File: pgfcoreexternal.code.tex 2025-08-29 v3.1.11a (3.1.11a)
\pgfexternal@startupbox=\box69
) (C:\Users\ahmad\AppData\Local\Programs\MiKTeX\tex/generic/pgf/basiclayer\pgfcorelayers.code.tex
File: pgfcorelayers.code.tex 2025-08-29 v3.1.11a (3.1.11a)
) (C:\Users\ahmad\AppData\Local\Programs\MiKTeX\tex/generic/pgf/basiclayer\pgfcoretransparency.code.tex
File: pgfcoretransparency.code.tex 2025-08-29 v3.1.11a (3.1.11a)
) (C:\Users\ahmad\AppData\Local\Programs\MiKTeX\tex/generic/pgf/basiclayer\pgfcorepatterns.code.tex
File: pgfcorepatterns.code.tex 2025-08-29 v3.1.11a (3.1.11a)
) (C:\Users\ahmad\AppData\Local\Programs\MiKTeX\tex/generic/pgf/basiclayer\pgfcorerdf.code.tex
File: pgfcorerdf.code.tex 2025-08-29 v3.1.11a (3.1.11a)
))) (C:\Users\ahmad\AppData\Local\Programs\MiKTeX\tex/generic/pgf/modules\pgfmoduleshapes.code.tex
File: pgfmoduleshapes.code.tex 2025-08-29 v3.1.11a (3.1.11a)
\pgfnodeparttextbox=\box70
) (C:\Users\ahmad\AppData\Local\Programs\MiKTeX\tex/generic/pgf/modules\pgfmoduleplot.code.tex
File: pgfmoduleplot.code.tex 2025-08-29 v3.1.11a (3.1.11a)
) (C:\Users\ahmad\AppData\Local\Programs\MiKTeX\tex/latex/pgf/compatibility\pgfcomp-version-0-65.sty
Package: pgfcomp-version-0-65 2025-08-29 v3.1.11a (3.1.11a)
\pgf@nodesepstart=\dimen284
\pgf@nodesepend=\dimen285
) (C:\Users\ahmad\AppData\Local\Programs\MiKTeX\tex/latex/pgf/compatibility\pgfcomp-version-1-18.sty
Package: pgfcomp-version-1-18 2025-08-29 v3.1.11a (3.1.11a)
)) (C:\Users\ahmad\AppData\Local\Programs\MiKTeX\tex/latex/pgf/utilities\pgffor.sty (C:\Users\ahmad\AppData\Local\Programs\MiKTeX\tex/latex/pgf/utilities\pgfkeys.sty (C:\Users\ahmad\AppData\Local\Programs\MiKTeX\tex/generic/pgf/utilities\pgfkeys.code.tex)) (C:\Users\ahmad\AppData\Local\Programs\MiKTeX\tex/latex/pgf/math\pgfmath.sty (C:\Users\ahmad\AppData\Local\Programs\MiKTeX\tex/generic/pgf/math\pgfmath.code.tex)) (C:\Users\ahmad\AppData\Local\Programs\MiKTeX\tex/generic/pgf/utilities\pgffor.code.tex
Package: pgffor 2025-08-29 v3.1.11a (3.1.11a)
\pgffor@iter=\dimen286
\pgffor@skip=\dimen287
\pgffor@stack=\toks40
\pgffor@toks=\toks41
)) (C:\Users\ahmad\AppData\Local\Programs\MiKTeX\tex/generic/pgf/frontendlayer/tikz\tikz.code.tex
Package: tikz 2025-08-29 v3.1.11a (3.1.11a)
 (C:\Users\ahmad\AppData\Local\Programs\MiKTeX\tex/generic/pgf/libraries\pgflibraryplothandlers.code.tex
File: pgflibraryplothandlers.code.tex 2025-08-29 v3.1.11a (3.1.11a)
\pgf@plot@mark@count=\count327
\pgfplotmarksize=\dimen288
)
\tikz@lastx=\dimen289
\tikz@lasty=\dimen290
\tikz@lastxsaved=\dimen291
\tikz@lastysaved=\dimen292
\tikz@lastmovetox=\dimen293
\tikz@lastmovetoy=\dimen294
\tikzleveldistance=\dimen295
\tikzsiblingdistance=\dimen296
\tikz@figbox=\box71
\tikz@figbox@bg=\box72
\tikz@tempbox=\box73
\tikz@tempbox@bg=\box74
\tikztreelevel=\count328
\tikznumberofchildren=\count329
\tikznumberofcurrentchild=\count330
\tikz@fig@count=\count331
 (C:\Users\ahmad\AppData\Local\Programs\MiKTeX\tex/generic/pgf/modules\pgfmodulematrix.code.tex
File: pgfmodulematrix.code.tex 2025-08-29 v3.1.11a (3.1.11a)
\pgfmatrixcurrentrow=\count332
\pgfmatrixcurrentcolumn=\count333
\pgf@matrix@numberofcolumns=\count334
)
\tikz@expandcount=\count335
 (C:\Users\ahmad\AppData\Local\Programs\MiKTeX\tex/generic/pgf/frontendlayer/tikz/libraries\tikzlibrarytopaths.code.tex
File: tikzlibrarytopaths.code.tex 2025-08-29 v3.1.11a (3.1.11a)
)))
(C:\Users\ahmad\AppData\Local\Programs\MiKTeX\tex/latex/tools\verbatim.sty
Package: verbatim 2024-01-22 v1.5x LaTeX2e package for verbatim enhancements
\every@verbatim=\toks42
\verbatim@line=\toks43
\verbatim@in@stream=\read4
) (C:\Users\ahmad\AppData\Local\Programs\MiKTeX\tex/latex/environ\environ.sty
Package: environ 2014/05/04 v0.3 A new way to define environments
 (C:\Users\ahmad\AppData\Local\Programs\MiKTeX\tex/latex/trimspaces\trimspaces.sty
Package: trimspaces 2009/09/17 v1.1 Trim spaces around a token list
)
\@envbody=\toks44
)
\tcb@titlebox=\box75
\tcb@upperbox=\box76
\tcb@lowerbox=\box77
\tcb@phantombox=\box78
\c@tcbbreakpart=\count336
\c@tcblayer=\count337
\c@tcolorbox@number=\count338
\l__tcobox_tmpa_box=\box79
\l__tcobox_tmpa_dim=\dimen297
\tcb@temp=\box80
\tcb@temp=\box81
\tcb@temp=\box82
\tcb@temp=\box83
) (C:\Users\ahmad\AppData\Local\Programs\MiKTeX\tex/latex/tcolorbox\tcbskins.code.tex
Library (tcolorbox): 'tcbskins.code.tex' version '6.9.0'
(C:\Users\ahmad\AppData\Local\Programs\MiKTeX\tex/latex/tikzfill\tikzfill.image.sty
Package: tikzfill.image 2026/04/23 v1.2.0 Image filling library for TikZ
 (C:\Users\ahmad\AppData\Local\Programs\MiKTeX\tex/latex/tikzfill\tikzlibraryfill.image.code.tex
File: tikzlibraryfill.image.code.tex 2026/04/23 v1.2.0 Image filling library
\l__tikzfill_tmpa_dim=\dimen298
\l__tikzfill_tmpb_dim=\dimen299
\l__tikzfill_img_box=\box84
)) (C:\Users\ahmad\AppData\Local\Programs\MiKTeX\tex/latex/tcolorbox\tcbskinsjigsaw.code.tex
Library (tcolorbox): 'tcbskinsjigsaw.code.tex' version '6.9.0'
)) (C:\Users\ahmad\AppData\Local\Programs\MiKTeX\tex/latex/tcolorbox\tcbbreakable.code.tex
Library (tcolorbox): 'tcbbreakable.code.tex' version '6.9.0'
(C:\Users\ahmad\AppData\Local\Programs\MiKTeX\tex/latex/pdfcol\pdfcol.sty
Package: pdfcol 2022-09-21 v1.7 Handle new color stacks for pdfTeX (HO)
)
Package pdfcol Info: New color stack `tcb@breakable' = 1 on input line 23.
\tcb@testbox=\box85
\tcb@totalupperbox=\box86
\tcb@totallowerbox=\box87
) (C:\Users\ahmad\AppData\Local\Programs\MiKTeX\tex/latex/listings\listings.sty
\lst@mode=\count339
\lst@gtempboxa=\box88
\lst@token=\toks45
\lst@length=\count340
\lst@currlwidth=\dimen300
\lst@column=\count341
\lst@pos=\count342
\lst@lostspace=\dimen301
\lst@width=\dimen302
\lst@newlines=\count343
\lst@lineno=\count344
\lst@maxwidth=\dimen303
 (C:\Users\ahmad\AppData\Local\Programs\MiKTeX\tex/latex/listings\lstpatch.sty
File: lstpatch.sty 2025/11/14 1.11b (Carsten Heinz)
) (C:\Users\ahmad\AppData\Local\Programs\MiKTeX\tex/latex/listings\lstmisc.sty
File: lstmisc.sty 2025/11/14 1.11b (Carsten Heinz)
\c@lstnumber=\count345
\lst@skipnumbers=\count346
\lst@framebox=\box89
) (C:\Users\ahmad\AppData\Local\Programs\MiKTeX\tex/latex/listings\listings.cfg
File: listings.cfg 2025/11/14 1.11b listings configuration
))
Package: listings 2025/11/14 1.11b (Carsten Heinz)

==> First Aid for listings.sty no longer applied!
    Expected:
        2024/09/23 1.10c (Carsten Heinz)
    but found:
        2025/11/14 1.11b (Carsten Heinz)
    so I'm assuming it got fixed.
(C:\Users\ahmad\AppData\Local\Programs\MiKTeX\tex/latex/microtype\microtype.sty
Package: microtype 2026/03/01 v3.2d Micro-typographical refinements (RS)
\MT@toks=\toks46
\MT@tempbox=\box90
\MT@count=\count347
LaTeX Info: Redefining \noprotrusionifhmode on input line 1084.
LaTeX Info: Redefining \leftprotrusion on input line 1085.
\MT@prot@toks=\toks47
LaTeX Info: Redefining \rightprotrusion on input line 1104.
LaTeX Info: Redefining \textls on input line 1449.
\MT@outer@kern=\dimen304
LaTeX Info: Redefining \microtypecontext on input line 2053.
LaTeX Info: Redefining \textmicrotypecontext on input line 2070.
\MT@listname@count=\count348
 (C:\Users\ahmad\AppData\Local\Programs\MiKTeX\tex/latex/microtype\microtype-pdftex.def
File: microtype-pdftex.def 2026/03/01 v3.2d Definitions specific to pdftex (RS)
LaTeX Info: Redefining \lsstyle on input line 944.
LaTeX Info: Redefining \lslig on input line 944.
\MT@outer@space=\skip76
)
Package microtype Info: Loading configuration file microtype.cfg.
 (C:\Users\ahmad\AppData\Local\Programs\MiKTeX\tex/latex/microtype\microtype.cfg
File: microtype.cfg 2026/03/01 v3.2d microtype main configuration file (RS)
)
LaTeX Info: Redefining \microtypesetup on input line 3065.
) (C:\Users\ahmad\AppData\Local\Programs\MiKTeX\tex/latex/parskip\parskip.sty
Package: parskip 2021-03-14 v2.0h non-zero parskip adjustments
)
LaTeX Font Info:    Trying to load font information for T1+lmr on input line 114.
 (C:\Users\ahmad\AppData\Local\Programs\MiKTeX\tex/latex/lm\t1lmr.fd
File: t1lmr.fd 2015/05/01 v1.6.1 Font defs for Latin Modern
) (C:\Users\ahmad\AppData\Local\Programs\MiKTeX\tex/latex/l3backend\l3backend-pdftex.def
File: l3backend-pdftex.def 2025-10-09 L3 backend support: PDF output (pdfTeX)
\l__color_backend_stack_int=\count349
) (main.aux (chapters/chapter1.aux) (chapters/chapter2.aux) (chapters/chapter3.aux) (chapters/chapter4.aux) (chapters/chapter5.aux))
\openout1 = `main.aux'.

LaTeX Font Info:    Checking defaults for OML/cmm/m/it on input line 114.
LaTeX Font Info:    ... okay on input line 114.
LaTeX Font Info:    Checking defaults for OMS/cmsy/m/n on input line 114.
LaTeX Font Info:    ... okay on input line 114.
LaTeX Font Info:    Checking defaults for OT1/cmr/m/n on input line 114.
LaTeX Font Info:    ... okay on input line 114.
LaTeX Font Info:    Checking defaults for T1/cmr/m/n on input line 114.
LaTeX Font Info:    ... okay on input line 114.
LaTeX Font Info:    Checking defaults for TS1/cmr/m/n on input line 114.
LaTeX Font Info:    ... okay on input line 114.
LaTeX Font Info:    Checking defaults for OMX/cmex/m/n on input line 114.
LaTeX Font Info:    ... okay on input line 114.
LaTeX Font Info:    Checking defaults for U/cmr/m/n on input line 114.
LaTeX Font Info:    ... okay on input line 114.
LaTeX Font Info:    Checking defaults for PD1/pdf/m/n on input line 114.
LaTeX Font Info:    ... okay on input line 114.
LaTeX Font Info:    Checking defaults for PU/pdf/m/n on input line 114.
LaTeX Font Info:    ... okay on input line 114.

*geometry* driver: auto-detecting
*geometry* detected driver: pdftex
*geometry* verbose mode - [ preamble ] result:
* driver: pdftex
* paper: a4paper
* layout: <same size as paper>
* layoutoffset:(h,v)=(0.0pt,0.0pt)
* modes: 
* h-part:(L,W,R)=(85.35826pt, 441.01773pt, 71.13188pt)
* v-part:(T,H,B)=(71.13188pt, 702.78308pt, 71.13188pt)
* \paperwidth=597.50787pt
* \paperheight=845.04684pt
* \textwidth=441.01773pt
* \textheight=702.78308pt
* \oddsidemargin=13.08827pt
* \evensidemargin=13.08827pt
* \topmargin=-40.1381pt
* \headheight=14.0pt
* \headsep=25.0pt
* \topskip=11.0pt
* \footskip=30.0pt
* \marginparwidth=50.0pt
* \marginparsep=10.0pt
* \columnsep=10.0pt
* \skip\footins=10.0pt plus 4.0pt minus 2.0pt
* \hoffset=0.0pt
* \voffset=0.0pt
* \mag=1000
* \@twocolumnfalse
* \@twosidefalse
* \@mparswitchfalse
* \@reversemarginfalse
* (1in=72.27pt=25.4mm, 1cm=28.453pt)

(C:\Users\ahmad\AppData\Local\Programs\MiKTeX\tex/context/base/mkii\supp-pdf.mkii
[Loading MPS to PDF converter (version 2006.09.02).]
\scratchcounter=\count350
\scratchdimen=\dimen305
\scratchbox=\box91
\nofMPsegments=\count351
\nofMParguments=\count352
\everyMPshowfont=\toks48
\MPscratchCnt=\count353
\MPscratchDim=\dimen306
\MPnumerator=\count354
\makeMPintoPDFobject=\count355
\everyMPtoPDFconversion=\toks49
) (C:\Users\ahmad\AppData\Local\Programs\MiKTeX\tex/latex/epstopdf-pkg\epstopdf-base.sty
Package: epstopdf-base 2020-01-24 v2.11 Base part for package epstopdf
Package epstopdf-base Info: Redefining graphics rule for `.eps' on input line 485.
 (C:\Users\ahmad\AppData\Local\Programs\MiKTeX\tex/latex/00miktex\epstopdf-sys.cfg
File: epstopdf-sys.cfg 2021/03/18 v2.0 Configuration of epstopdf for MiKTeX
))
Package hyperref Info: Link coloring ON on input line 114.
 (main.out) (main.out)
\@outlinefile=\write4
\openout4 = `main.out'.

\c@lstlisting=\count356
LaTeX Info: Redefining \microtypecontext on input line 114.
Package microtype Info: Applying patch `item' on input line 114.
Package microtype Info: Applying patch `toc' on input line 114.
Package microtype Info: Applying patch `eqnum' on input line 114.
Package microtype Info: Applying patch `footnote' on input line 114.
Package microtype Info: Applying patch `verbatim' on input line 114.
LaTeX Info: Redefining \microtypesetup on input line 114.
Package microtype Info: Generating PDF output.
Package microtype Info: Character protrusion enabled (level 2).
Package microtype Info: Using default protrusion set `alltext'.
Package microtype Info: Automatic font expansion enabled (level 2),
(microtype)             stretch: 20, shrink: 20, step: 1, non-selected.
Package microtype Info: Using default expansion set `alltext-nott'.
Package microtype Info: Patching command `\showhyphens'.
Package microtype Info: No adjustment of tracking.
Package microtype Info: No adjustment of interword spacing.
Package microtype Info: No adjustment of character kerning.
 (C:\Users\ahmad\AppData\Local\Programs\MiKTeX\tex/latex/microtype\mt-cmr.cfg
File: mt-cmr.cfg 2013/05/19 v2.2 microtype config. file: Computer Modern Roman (RS)
)
LaTeX Font Info:    Trying to load font information for OT1+lmr on input line 132.
 (C:\Users\ahmad\AppData\Local\Programs\MiKTeX\tex/latex/lm\ot1lmr.fd
File: ot1lmr.fd 2015/05/01 v1.6.1 Font defs for Latin Modern
)
LaTeX Font Info:    Trying to load font information for OML+lmm on input line 132.
 (C:\Users\ahmad\AppData\Local\Programs\MiKTeX\tex/latex/lm\omllmm.fd
File: omllmm.fd 2015/05/01 v1.6.1 Font defs for Latin Modern
)
LaTeX Font Info:    Trying to load font information for OMS+lmsy on input line 132.
 (C:\Users\ahmad\AppData\Local\Programs\MiKTeX\tex/latex/lm\omslmsy.fd
File: omslmsy.fd 2015/05/01 v1.6.1 Font defs for Latin Modern
)
LaTeX Font Info:    Trying to load font information for OMX+lmex on input line 132.
 (C:\Users\ahmad\AppData\Local\Programs\MiKTeX\tex/latex/lm\omxlmex.fd
File: omxlmex.fd 2015/05/01 v1.6.1 Font defs for Latin Modern
)
LaTeX Font Info:    External font `lmex10' loaded for size
(Font)              <10.95> on input line 132.
LaTeX Font Info:    External font `lmex10' loaded for size
(Font)              <8> on input line 132.
LaTeX Font Info:    External font `lmex10' loaded for size
(Font)              <6> on input line 132.
LaTeX Font Info:    Trying to load font information for T1+lmtt on input line 136.
 (C:\Users\ahmad\AppData\Local\Programs\MiKTeX\tex/latex/lm\t1lmtt.fd
File: t1lmtt.fd 2015/05/01 v1.6.1 Font defs for Latin Modern
)
Package microtype Info: Loading generic protrusion settings for font family
(microtype)             `lmtt' (encoding: T1).
(microtype)             For optimal results, create family-specific settings.
(microtype)             See the microtype manual for details.
 [1

{C:/Users/ahmad/AppData/Local/MiKTeX/fonts/map/pdftex/pdftex.map}{C:/Users/ahmad/AppData/Local/Programs/MiKTeX/fonts/enc/dvips/lm/lm-ec.enc}] (main.toc
pdfTeX warning (ext4): destination with the same identifier (name{page.1}) has been already used, duplicate ignored
<to be read again> 
                   \relax 
l.40 ...ediakan Brosur PPDB}{21}{subsection.4.2.1}
                                                  % [1

])
\tf@toc=\write5
\openout5 = `main.toc'.

 [2]
\openout2 = `chapters/chapter1.aux'.

 (chapters/chapter1.tex
Bab 1.
LaTeX Font Info:    Font shape `T1/lmtt/bx/n' in size <10.95> not available
(Font)              Font shape `T1/lmtt/b/n' tried instead on input line 57.
[3



]
<../Img/Backend/screencapture-127-0-0-1-8000-admin-dashboard-2026-06-16-17_51_15.png, id=343, 1927.2pt x 1181.41376pt>
File: ../Img/Backend/screencapture-127-0-0-1-8000-admin-dashboard-2026-06-16-17_51_15.png Graphic file (type png)
<use ../Img/Backend/screencapture-127-0-0-1-8000-admin-dashboard-2026-06-16-17_51_15.png>
Package pdftex.def Info: ../Img/Backend/screencapture-127-0-0-1-8000-admin-dashboard-2026-06-16-17_51_15.png  used on input line 68.
(pdftex.def)             Requested size: 396.91325pt x 243.30905pt.
LaTeX Font Info:    Trying to load font information for TS1+lmr on input line 98.
 (C:\Users\ahmad\AppData\Local\Programs\MiKTeX\tex/latex/lm\ts1lmr.fd
File: ts1lmr.fd 2015/05/01 v1.6.1 Font defs for Latin Modern
) [4{C:/Users/ahmad/AppData/Local/Programs/MiKTeX/fonts/enc/dvips/lm/lm-ts1.enc} <../Img/Backend/screencapture-127-0-0-1-8000-admin-dashboard-2026-06-16-17_51_15.png>]) [5]
\openout2 = `chapters/chapter2.aux'.

 (chapters/chapter2.tex
Bab 2.
<../Img/Backend/screencapture-127-0-0-1-8000-admin-posts-2026-06-16-17_51_29.png, id=366, 1927.2pt x 1834.855pt>
File: ../Img/Backend/screencapture-127-0-0-1-8000-admin-posts-2026-06-16-17_51_29.png Graphic file (type png)
<use ../Img/Backend/screencapture-127-0-0-1-8000-admin-posts-2026-06-16-17_51_29.png>
Package pdftex.def Info: ../Img/Backend/screencapture-127-0-0-1-8000-admin-posts-2026-06-16-17_51_29.png  used on input line 24.
(pdftex.def)             Requested size: 396.91325pt x 377.88356pt.
[6




]
<../Img/Backend/screencapture-127-0-0-1-8000-admin-posts-22-edit-2026-06-16-17_51_38.png, id=373, 1927.2pt x 2183.15625pt>
File: ../Img/Backend/screencapture-127-0-0-1-8000-admin-posts-22-edit-2026-06-16-17_51_38.png Graphic file (type png)
<use ../Img/Backend/screencapture-127-0-0-1-8000-admin-posts-22-edit-2026-06-16-17_51_38.png>
Package pdftex.def Info: ../Img/Backend/screencapture-127-0-0-1-8000-admin-posts-22-edit-2026-06-16-17_51_38.png  used on input line 37.
(pdftex.def)             Requested size: 396.91325pt x 449.6153pt.
 [7 <../Img/Backend/screencapture-127-0-0-1-8000-admin-posts-2026-06-16-17_51_29.png>] [8 <../Img/Backend/screencapture-127-0-0-1-8000-admin-posts-22-edit-2026-06-16-17_51_38.png>] [9]
<../Img/Backend/screencapture-127-0-0-1-8000-admin-announcements-2026-06-16-17_51_50.png, id=406, 1927.2pt x 1084.05pt>
File: ../Img/Backend/screencapture-127-0-0-1-8000-admin-announcements-2026-06-16-17_51_50.png Graphic file (type png)
<use ../Img/Backend/screencapture-127-0-0-1-8000-admin-announcements-2026-06-16-17_51_50.png>
Package pdftex.def Info: ../Img/Backend/screencapture-127-0-0-1-8000-admin-announcements-2026-06-16-17_51_50.png  used on input line 122.
(pdftex.def)             Requested size: 396.91325pt x 223.25725pt.
<../Img/Backend/screencapture-127-0-0-1-8000-admin-announcements-1-edit-2026-06-16-17_52_05.png, id=407, 1927.2pt x 1030.85126pt>
File: ../Img/Backend/screencapture-127-0-0-1-8000-admin-announcements-1-edit-2026-06-16-17_52_05.png Graphic file (type png)
<use ../Img/Backend/screencapture-127-0-0-1-8000-admin-announcements-1-edit-2026-06-16-17_52_05.png>
Package pdftex.def Info: ../Img/Backend/screencapture-127-0-0-1-8000-admin-announcements-1-edit-2026-06-16-17_52_05.png  used on input line 129.
(pdftex.def)             Requested size: 396.91325pt x 212.3011pt.
 [10 <../Img/Backend/screencapture-127-0-0-1-8000-admin-announcements-2026-06-16-17_51_50.png> <../Img/Backend/screencapture-127-0-0-1-8000-admin-announcements-1-edit-2026-06-16-17_52_05.png>]
<../Img/Backend/screencapture-127-0-0-1-8000-admin-events-2026-06-16-17_52_13.png, id=416, 1927.2pt x 995.72pt>
File: ../Img/Backend/screencapture-127-0-0-1-8000-admin-events-2026-06-16-17_52_13.png Graphic file (type png)
<use ../Img/Backend/screencapture-127-0-0-1-8000-admin-events-2026-06-16-17_52_13.png>
Package pdftex.def Info: ../Img/Backend/screencapture-127-0-0-1-8000-admin-events-2026-06-16-17_52_13.png  used on input line 185.
(pdftex.def)             Requested size: 396.91325pt x 205.06592pt.
 [11]
<../Img/Backend/screencapture-127-0-0-1-8000-admin-events-1-edit-2026-06-16-17_52_26.png, id=430, 1927.2pt x 1061.9675pt>
File: ../Img/Backend/screencapture-127-0-0-1-8000-admin-events-1-edit-2026-06-16-17_52_26.png Graphic file (type png)
<use ../Img/Backend/screencapture-127-0-0-1-8000-admin-events-1-edit-2026-06-16-17_52_26.png>
Package pdftex.def Info: ../Img/Backend/screencapture-127-0-0-1-8000-admin-events-1-edit-2026-06-16-17_52_26.png  used on input line 192.
(pdftex.def)             Requested size: 396.91325pt x 218.70941pt.
 [12 <../Img/Backend/screencapture-127-0-0-1-8000-admin-events-2026-06-16-17_52_13.png> <../Img/Backend/screencapture-127-0-0-1-8000-admin-events-1-edit-2026-06-16-17_52_26.png>]) [13]
\openout2 = `chapters/chapter3.aux'.

 (chapters/chapter3.tex
Bab 3.
<../Img/Backend/screencapture-127-0-0-1-8000-admin-staffs-2026-06-16-17_53_39.png, id=454, 1927.2pt x 1204.5pt>
File: ../Img/Backend/screencapture-127-0-0-1-8000-admin-staffs-2026-06-16-17_53_39.png Graphic file (type png)
<use ../Img/Backend/screencapture-127-0-0-1-8000-admin-staffs-2026-06-16-17_53_39.png>
Package pdftex.def Info: ../Img/Backend/screencapture-127-0-0-1-8000-admin-staffs-2026-06-16-17_53_39.png  used on input line 22.
(pdftex.def)             Requested size: 396.91325pt x 248.0636pt.
<../Img/Backend/screencapture-127-0-0-1-8000-admin-staffs-1-edit-2026-06-16-17_53_52.png, id=455, 1927.2pt x 1531.7225pt>
File: ../Img/Backend/screencapture-127-0-0-1-8000-admin-staffs-1-edit-2026-06-16-17_53_52.png Graphic file (type png)
<use ../Img/Backend/screencapture-127-0-0-1-8000-admin-staffs-1-edit-2026-06-16-17_53_52.png>
Package pdftex.def Info: ../Img/Backend/screencapture-127-0-0-1-8000-admin-staffs-1-edit-2026-06-16-17_53_52.png  used on input line 29.
(pdftex.def)             Requested size: 396.91325pt x 315.45422pt.
[14




 <../Img/Backend/screencapture-127-0-0-1-8000-admin-staffs-2026-06-16-17_53_39.png>] [15 <../Img/Backend/screencapture-127-0-0-1-8000-admin-staffs-1-edit-2026-06-16-17_53_52.png>]
<../Img/Backend/screencapture-127-0-0-1-8000-admin-achievements-2026-06-16-17_54_46.png, id=475, 1927.2pt x 995.72pt>
File: ../Img/Backend/screencapture-127-0-0-1-8000-admin-achievements-2026-06-16-17_54_46.png Graphic file (type png)
<use ../Img/Backend/screencapture-127-0-0-1-8000-admin-achievements-2026-06-16-17_54_46.png>
Package pdftex.def Info: ../Img/Backend/screencapture-127-0-0-1-8000-admin-achievements-2026-06-16-17_54_46.png  used on input line 116.
(pdftex.def)             Requested size: 396.91325pt x 205.06592pt.
 [16]
Underfull \hbox (badness 4569) in paragraph at lines 135--137
\T1/lmr/m/n/10.95 (+20) Menampilkan daf-tar pro-gram ung-gul-an dan eks-tra-ku-ri-ku-ler se-ko-lah di ha-lam-an
 []

<../Img/Backend/screencapture-127-0-0-1-8000-admin-extracurriculars-2026-06-16-17_54_23.png, id=490, 1927.2pt x 995.72pt>
File: ../Img/Backend/screencapture-127-0-0-1-8000-admin-extracurriculars-2026-06-16-17_54_23.png Graphic file (type png)
<use ../Img/Backend/screencapture-127-0-0-1-8000-admin-extracurriculars-2026-06-16-17_54_23.png>
Package pdftex.def Info: ../Img/Backend/screencapture-127-0-0-1-8000-admin-extracurriculars-2026-06-16-17_54_23.png  used on input line 140.
(pdftex.def)             Requested size: 396.91325pt x 205.06592pt.
<../Img/Backend/screencapture-127-0-0-1-8000-admin-extracurriculars-1-edit-2026-06-16-17_54_38.png, id=491, 1927.2pt x 1441.385pt>
File: ../Img/Backend/screencapture-127-0-0-1-8000-admin-extracurriculars-1-edit-2026-06-16-17_54_38.png Graphic file (type png)
<use ../Img/Backend/screencapture-127-0-0-1-8000-admin-extracurriculars-1-edit-2026-06-16-17_54_38.png>
Package pdftex.def Info: ../Img/Backend/screencapture-127-0-0-1-8000-admin-extracurriculars-1-edit-2026-06-16-17_54_38.png  used on input line 147.
(pdftex.def)             Requested size: 396.91325pt x 296.84944pt.
[17 <../Img/Backend/screencapture-127-0-0-1-8000-admin-achievements-2026-06-16-17_54_46.png> <../Img/Backend/screencapture-127-0-0-1-8000-admin-extracurriculars-2026-06-16-17_54_23.png>]
<../Img/Backend/screencapture-127-0-0-1-8000-admin-facilities-2026-06-16-17_54_00.png, id=504, 1927.2pt x 995.72pt>
File: ../Img/Backend/screencapture-127-0-0-1-8000-admin-facilities-2026-06-16-17_54_00.png Graphic file (type png)
<use ../Img/Backend/screencapture-127-0-0-1-8000-admin-facilities-2026-06-16-17_54_00.png>
Package pdftex.def Info: ../Img/Backend/screencapture-127-0-0-1-8000-admin-facilities-2026-06-16-17_54_00.png  used on input line 171.
(pdftex.def)             Requested size: 396.91325pt x 205.06592pt.
 [18 <../Img/Backend/screencapture-127-0-0-1-8000-admin-extracurriculars-1-edit-2026-06-16-17_54_38.png>]
<../Img/Backend/screencapture-127-0-0-1-8000-admin-facilities-1-edit-2026-06-16-17_54_15.png, id=516, 1927.2pt x 1324.95pt>
File: ../Img/Backend/screencapture-127-0-0-1-8000-admin-facilities-1-edit-2026-06-16-17_54_15.png Graphic file (type png)
<use ../Img/Backend/screencapture-127-0-0-1-8000-admin-facilities-1-edit-2026-06-16-17_54_15.png>
Package pdftex.def Info: ../Img/Backend/screencapture-127-0-0-1-8000-admin-facilities-1-edit-2026-06-16-17_54_15.png  used on input line 178.
(pdftex.def)             Requested size: 396.91325pt x 272.86996pt.
) [19 <../Img/Backend/screencapture-127-0-0-1-8000-admin-facilities-2026-06-16-17_54_00.png> <../Img/Backend/screencapture-127-0-0-1-8000-admin-facilities-1-edit-2026-06-16-17_54_15.png>]
\openout2 = `chapters/chapter4.aux'.

 (chapters/chapter4.tex
Bab 4.
<../Img/Backend/screencapture-127-0-0-1-8000-admin-media-2026-06-16-17_52_59.png, id=529, 1927.2pt x 995.72pt>
File: ../Img/Backend/screencapture-127-0-0-1-8000-admin-media-2026-06-16-17_52_59.png Graphic file (type png)
<use ../Img/Backend/screencapture-127-0-0-1-8000-admin-media-2026-06-16-17_52_59.png>
Package pdftex.def Info: ../Img/Backend/screencapture-127-0-0-1-8000-admin-media-2026-06-16-17_52_59.png  used on input line 21.
(pdftex.def)             Requested size: 396.91325pt x 205.06592pt.
[20




 <../Img/Backend/screencapture-127-0-0-1-8000-admin-media-2026-06-16-17_52_59.png>]
<../Img/Backend/screencapture-127-0-0-1-8000-admin-downloads-2026-06-16-17_55_05.png, id=540, 1927.2pt x 995.72pt>
File: ../Img/Backend/screencapture-127-0-0-1-8000-admin-downloads-2026-06-16-17_55_05.png Graphic file (type png)
<use ../Img/Backend/screencapture-127-0-0-1-8000-admin-downloads-2026-06-16-17_55_05.png>
Package pdftex.def Info: ../Img/Backend/screencapture-127-0-0-1-8000-admin-downloads-2026-06-16-17_55_05.png  used on input line 60.
(pdftex.def)             Requested size: 396.91325pt x 205.06592pt.
 [21 <../Img/Backend/screencapture-127-0-0-1-8000-admin-downloads-2026-06-16-17_55_05.png>]
<../Img/Backend/screencapture-127-0-0-1-8000-admin-galleries-2026-06-16-17_52_34.png, id=554, 1927.2pt x 995.72pt>
File: ../Img/Backend/screencapture-127-0-0-1-8000-admin-galleries-2026-06-16-17_52_34.png Graphic file (type png)
<use ../Img/Backend/screencapture-127-0-0-1-8000-admin-galleries-2026-06-16-17_52_34.png>
Package pdftex.def Info: ../Img/Backend/screencapture-127-0-0-1-8000-admin-galleries-2026-06-16-17_52_34.png  used on input line 112.
(pdftex.def)             Requested size: 396.91325pt x 205.06592pt.
<../Img/Backend/screencapture-127-0-0-1-8000-admin-galleries-2-edit-2026-06-16-17_52_48.png, id=555, 1927.2pt x 2636.85126pt>
File: ../Img/Backend/screencapture-127-0-0-1-8000-admin-galleries-2-edit-2026-06-16-17_52_48.png Graphic file (type png)
<use ../Img/Backend/screencapture-127-0-0-1-8000-admin-galleries-2-edit-2026-06-16-17_52_48.png>
Package pdftex.def Info: ../Img/Backend/screencapture-127-0-0-1-8000-admin-galleries-2-edit-2026-06-16-17_52_48.png  used on input line 119.
(pdftex.def)             Requested size: 396.91325pt x 543.05258pt.
 [22 <../Img/Backend/screencapture-127-0-0-1-8000-admin-galleries-2026-06-16-17_52_34.png>] [23 <../Img/Backend/screencapture-127-0-0-1-8000-admin-galleries-2-edit-2026-06-16-17_52_48.png>]
<../Img/Backend/screencapture-127-0-0-1-8000-admin-sliders-2026-06-16-17_53_13.png, id=574, 1927.2pt x 995.72pt>
File: ../Img/Backend/screencapture-127-0-0-1-8000-admin-sliders-2026-06-16-17_53_13.png Graphic file (type png)
<use ../Img/Backend/screencapture-127-0-0-1-8000-admin-sliders-2026-06-16-17_53_13.png>
Package pdftex.def Info: ../Img/Backend/screencapture-127-0-0-1-8000-admin-sliders-2026-06-16-17_53_13.png  used on input line 150.
(pdftex.def)             Requested size: 396.91325pt x 205.06592pt.
<../Img/Backend/screencapture-127-0-0-1-8000-admin-menus-1-edit-2026-06-16-17_53_28.png, id=575, 1927.2pt x 4090.28125pt>
File: ../Img/Backend/screencapture-127-0-0-1-8000-admin-menus-1-edit-2026-06-16-17_53_28.png Graphic file (type png)
<use ../Img/Backend/screencapture-127-0-0-1-8000-admin-menus-1-edit-2026-06-16-17_53_28.png>
Package pdftex.def Info: ../Img/Backend/screencapture-127-0-0-1-8000-admin-menus-1-edit-2026-06-16-17_53_28.png  used on input line 184.
(pdftex.def)             Requested size: 396.91325pt x 842.38269pt.
 [24 <../Img/Backend/screencapture-127-0-0-1-8000-admin-sliders-2026-06-16-17_53_13.png>] [25]
Overfull \vbox (165.32875pt too high) has occurred while \output is active []

 [26 <../Img/Backend/screencapture-127-0-0-1-8000-admin-menus-1-edit-2026-06-16-17_53_28.png>]) [27]
\openout2 = `chapters/chapter5.aux'.

 (chapters/chapter5.tex
Bab 5.
<../Img/Backend/screencapture-127-0-0-1-8000-admin-settings-2026-06-16-17_55_34.png, id=611, 1927.2pt x 2721.16624pt>
File: ../Img/Backend/screencapture-127-0-0-1-8000-admin-settings-2026-06-16-17_55_34.png Graphic file (type png)
<use ../Img/Backend/screencapture-127-0-0-1-8000-admin-settings-2026-06-16-17_55_34.png>
Package pdftex.def Info: ../Img/Backend/screencapture-127-0-0-1-8000-admin-settings-2026-06-16-17_55_34.png  used on input line 21.
(pdftex.def)             Requested size: 396.91325pt x 560.41704pt.
[28




] [29 <../Img/Backend/screencapture-127-0-0-1-8000-admin-settings-2026-06-16-17_55_34.png>]
Underfull \hbox (badness 5802) in paragraph at lines 55--58
[]\T1/lmr/bx/n/10.95 (+20) Video Pro-fil (Link Yo-u-Tu-be) \T1/lmr/m/n/10.95 (+20) --- tem-pel URL pe-nuh vi-deo, con-toh:
 []

[30]
<../Img/Backend/screencapture-127-0-0-1-8000-admin-settings-contact-2026-06-16-17_55_43.png, id=635, 1927.2pt x 995.72pt>
File: ../Img/Backend/screencapture-127-0-0-1-8000-admin-settings-contact-2026-06-16-17_55_43.png Graphic file (type png)
<use ../Img/Backend/screencapture-127-0-0-1-8000-admin-settings-contact-2026-06-16-17_55_43.png>
Package pdftex.def Info: ../Img/Backend/screencapture-127-0-0-1-8000-admin-settings-contact-2026-06-16-17_55_43.png  used on input line 96.
(pdftex.def)             Requested size: 396.91325pt x 205.06592pt.
<../Img/Backend/screencapture-127-0-0-1-8000-admin-settings-appearance-2026-06-16-17_55_58.png, id=636, 1927.2pt x 995.72pt>
File: ../Img/Backend/screencapture-127-0-0-1-8000-admin-settings-appearance-2026-06-16-17_55_58.png Graphic file (type png)
<use ../Img/Backend/screencapture-127-0-0-1-8000-admin-settings-appearance-2026-06-16-17_55_58.png>
Package pdftex.def Info: ../Img/Backend/screencapture-127-0-0-1-8000-admin-settings-appearance-2026-06-16-17_55_58.png  used on input line 118.
(pdftex.def)             Requested size: 396.91325pt x 205.06592pt.
 [31 <../Img/Backend/screencapture-127-0-0-1-8000-admin-settings-contact-2026-06-16-17_55_43.png>]
<../Img/Backend/screencapture-127-0-0-1-8000-admin-settings-seo-2026-06-16-17_56_11.png, id=643, 1927.2pt x 995.72pt>
File: ../Img/Backend/screencapture-127-0-0-1-8000-admin-settings-seo-2026-06-16-17_56_11.png Graphic file (type png)
<use ../Img/Backend/screencapture-127-0-0-1-8000-admin-settings-seo-2026-06-16-17_56_11.png>
Package pdftex.def Info: ../Img/Backend/screencapture-127-0-0-1-8000-admin-settings-seo-2026-06-16-17_56_11.png  used on input line 146.
(pdftex.def)             Requested size: 396.91325pt x 205.06592pt.
 [32 <../Img/Backend/screencapture-127-0-0-1-8000-admin-settings-appearance-2026-06-16-17_55_58.png>]
<../Img/Backend/screencapture-127-0-0-1-8000-admin-settings-ppdb-2026-06-16-17_56_25.png, id=650, 1927.2pt x 995.72pt>
File: ../Img/Backend/screencapture-127-0-0-1-8000-admin-settings-ppdb-2026-06-16-17_56_25.png Graphic file (type png)
<use ../Img/Backend/screencapture-127-0-0-1-8000-admin-settings-ppdb-2026-06-16-17_56_25.png>
Package pdftex.def Info: ../Img/Backend/screencapture-127-0-0-1-8000-admin-settings-ppdb-2026-06-16-17_56_25.png  used on input line 168.
(pdftex.def)             Requested size: 396.91325pt x 205.06592pt.
 [33 <../Img/Backend/screencapture-127-0-0-1-8000-admin-settings-seo-2026-06-16-17_56_11.png> <../Img/Backend/screencapture-127-0-0-1-8000-admin-settings-ppdb-2026-06-16-17_56_25.png>]
<../Img/Backend/screencapture-127-0-0-1-8000-admin-users-2026-06-16-17_55_20.png, id=659, 1927.2pt x 995.72pt>
File: ../Img/Backend/screencapture-127-0-0-1-8000-admin-users-2026-06-16-17_55_20.png Graphic file (type png)
<use ../Img/Backend/screencapture-127-0-0-1-8000-admin-users-2026-06-16-17_55_20.png>
Package pdftex.def Info: ../Img/Backend/screencapture-127-0-0-1-8000-admin-users-2026-06-16-17_55_20.png  used on input line 192.
(pdftex.def)             Requested size: 396.91325pt x 205.06592pt.
 [34 <../Img/Backend/screencapture-127-0-0-1-8000-admin-users-2026-06-16-17_55_20.png>]
<../Img/Backend/screencapture-127-0-0-1-8000-admin-pods-2026-06-16-17_56_39.png, id=677, 1927.2pt x 995.72pt>
File: ../Img/Backend/screencapture-127-0-0-1-8000-admin-pods-2026-06-16-17_56_39.png Graphic file (type png)
<use ../Img/Backend/screencapture-127-0-0-1-8000-admin-pods-2026-06-16-17_56_39.png>
Package pdftex.def Info: ../Img/Backend/screencapture-127-0-0-1-8000-admin-pods-2026-06-16-17_56_39.png  used on input line 233.
(pdftex.def)             Requested size: 396.91325pt x 205.06592pt.
 [35 <../Img/Backend/screencapture-127-0-0-1-8000-admin-pods-2026-06-16-17_56_39.png>]) [36{C:/Users/ahmad/AppData/Local/Programs/MiKTeX/fonts/enc/dvips/lm/lm-mathsy.enc}] (main.aux (chapters/chapter1.aux) (chapters/chapter2.aux) (chapters/chapter3.aux) (chapters/chapter4.aux) (chapters/chapter5.aux))
 ***********
LaTeX2e <2025-11-01>
L3 programming layer <2025-12-24>
 ***********
Package rerunfilecheck Info: File `main.out' has not changed.
(rerunfilecheck)             Checksum: CAF964A2D04D4447358306AFB4575650;15231.
 ) 
Here is how much of TeX's memory you used:
 30443 strings out of 467871
 605591 string characters out of 5418377
 1057902 words of memory out of 5000000
 58341 multiletter control sequences out of 15000+600000
 703174 words of font info for 189 fonts, out of 8000000 for 9000
 1141 hyphenation exceptions out of 8191
 98i,12n,108p,1235b,1183s stack positions out of 10000i,1000n,20000p,200000b,200000s
<C:/Users/ahmad/AppData/Local/Programs/MiKTeX/fonts/type1/public/lm/lmbx10.pfb><C:/Users/ahmad/AppData/Local/Programs/MiKTeX/fonts/type1/public/lm/lmbx12.pfb><C:/Users/ahmad/AppData/Local/Programs/MiKTeX/fonts/type1/public/lm/lmbxi10.pfb><C:/Users/ahmad/AppData/Local/Programs/MiKTeX/fonts/type1/public/lm/lmr10.pfb><C:/Users/ahmad/AppData/Local/Programs/MiKTeX/fonts/type1/public/lm/lmr12.pfb><C:/Users/ahmad/AppData/Local/Programs/MiKTeX/fonts/type1/public/lm/lmri10.pfb><C:/Users/ahmad/AppData/Local/Programs/MiKTeX/fonts/type1/public/lm/lmsy10.pfb><C:/Users/ahmad/AppData/Local/Programs/MiKTeX/fonts/type1/public/lm/lmtk10.pfb><C:/Users/ahmad/AppData/Local/Programs/MiKTeX/fonts/type1/public/lm/lmtt10.pfb>
Output written on main.pdf (37 pages, 3261672 bytes).
PDF statistics:
 803 PDF objects out of 1000 (max. 8388607)
 262 named destinations out of 1000 (max. 500000)
 43140 words of extra memory for PDF output out of 51595 (max. 10000000)

